kotlin version: 2.1.21
error message: java.lang.OutOfMemoryError: Java heap space
	at java.base/java.util.Arrays.copyOf(Arrays.java:3537)
	at java.base/java.io.ByteArrayOutputStream.ensureCapacity(ByteArrayOutputStream.java:100)
	at java.base/java.io.ByteArrayOutputStream.write(ByteArrayOutputStream.java:130)
	at java.base/java.io.DataOutputStream.write(DataOutputStream.java:112)
	at java.base/java.io.FilterOutputStream.write(FilterOutputStream.java:108)
	at org.jetbrains.kotlin.library.impl.IrMemoryArrayWriter.writeData(IrFileWriters.kt:62)
	at org.jetbrains.kotlin.library.impl.IrMemoryWriter.writeIntoMemory(IrFileWriters.kt:38)
	at org.jetbrains.kotlin.backend.common.serialization.IrFileSerializer.serializeIrFile$lambda$95(IrFileSerializer.kt:1492)
	at org.jetbrains.kotlin.backend.common.serialization.IrFileSerializer$$Lambda$975/0x000000700169fcf0.invoke(Unknown Source)
	at org.jetbrains.kotlin.backend.common.serialization.signature.PublicIdSignatureComputer.inFile(IdSignatureComputers.kt:43)
	at org.jetbrains.kotlin.backend.common.serialization.DeclarationTable.inFile(DeclarationTable.kt:65)
	at org.jetbrains.kotlin.backend.common.serialization.IrFileSerializer.inFile(IrFileSerializer.kt:1430)
	at org.jetbrains.kotlin.backend.common.serialization.IrFileSerializer.serializeIrFile(IrFileSerializer.kt:1432)
	at org.jetbrains.kotlin.backend.common.serialization.IrModuleSerializer.serializeIrFile(IrModuleSerializer.kt:34)
	at org.jetbrains.kotlin.backend.common.serialization.IrModuleSerializer.serializedIrModule(IrModuleSerializer.kt:41)
	at org.jetbrains.kotlin.backend.common.serialization.SerializeModuleIntoKlibKt.serializeModuleIntoKlib(serializeModuleIntoKlib.kt:154)
	at org.jetbrains.kotlin.ir.backend.js.KlibKt.serializeModuleIntoKlib(klib.kt:587)
	at org.jetbrains.kotlin.cli.pipeline.web.WebKlibSerializationPipelinePhase.serializeFirKlib(WebKlibSerializationPipelinePhase.kt:116)
	at org.jetbrains.kotlin.cli.pipeline.web.WebKlibSerializationPipelinePhase.executePhase(WebKlibSerializationPipelinePhase.kt:48)
	at org.jetbrains.kotlin.cli.pipeline.web.WebKlibSerializationPipelinePhase.executePhase(WebKlibSerializationPipelinePhase.kt:27)
	at org.jetbrains.kotlin.cli.pipeline.PipelinePhase.phaseBody(PipelinePhase.kt:68)
	at org.jetbrains.kotlin.cli.pipeline.PipelinePhase.phaseBody(PipelinePhase.kt:58)
	at org.jetbrains.kotlin.config.phaser.SimpleNamedCompilerPhase.phaseBody(CompilerPhase.kt:215)
	at org.jetbrains.kotlin.config.phaser.NamedCompilerPhase.invoke(CompilerPhase.kt:111)
	at org.jetbrains.kotlin.backend.common.phaser.CompositePhase.invoke(PhaseBuilders.kt:28)
	at org.jetbrains.kotlin.config.phaser.CompilerPhaseKt.invokeToplevel(CompilerPhase.kt:62)
	at org.jetbrains.kotlin.cli.pipeline.AbstractCliPipeline.runPhasedPipeline(AbstractCliPipeline.kt:106)
	at org.jetbrains.kotlin.cli.pipeline.AbstractCliPipeline.execute(AbstractCliPipeline.kt:65)
	at org.jetbrains.kotlin.cli.js.K2JSCompiler.doExecutePhased(K2JSCompiler.kt:63)
	at org.jetbrains.kotlin.cli.js.K2JSCompiler.doExecutePhased(K2JSCompiler.kt:49)
	at org.jetbrains.kotlin.cli.common.CLICompiler.execImpl(CLICompiler.kt:80)
	at org.jetbrains.kotlin.cli.common.CLICompiler.exec(CLICompiler.kt:337)


